---
source: src/tests/can_have_trips.rs
expression: trip_combis
---
[
    (
        [
            Card {
                value: 10,
                suit: H,
            },
        ],
        [
            [
                [
                    Card {
                        value: 10,
                        suit: A,
                    },
                    Card {
                        value: 10,
                        suit: A,
                    },
                ],
            ],
        ],
    ),
    (
        [
            Card {
                value: 9,
                suit: D,
            },
        ],
        [
            [
                [
                    Card {
                        value: 9,
                        suit: A,
                    },
                    Card {
                        value: 9,
                        suit: A,
                    },
                ],
            ],
        ],
    ),
    (
        [
            Card {
                value: 8,
                suit: C,
            },
        ],
        [
            [
                [
                    Card {
                        value: 8,
                        suit: A,
                    },
                    Card {
                        value: 8,
                        suit: A,
                    },
                ],
            ],
        ],
    ),
    (
        [
            Card {
                value: 3,
                suit: S,
            },
        ],
        [
            [
                [
                    Card {
                        value: 3,
                        suit: A,
                    },
                    Card {
                        value: 3,
                        suit: A,
                    },
                ],
            ],
        ],
    ),
    (
        [
            Card {
                value: 2,
                suit: S,
            },
        ],
        [
            [
                [
                    Card {
                        value: 2,
                        suit: A,
                    },
                    Card {
                        value: 2,
                        suit: A,
                    },
                ],
            ],
        ],
    ),
]
